             GGG   U   U  I  DDDD   EEEE
            G   G  U   U  I  D   D  E
            G      U   U  I  D   D  E
            G  GG  U   U  I  D   D  EEE
            G   G  U   U  I  D   D  E
            G   G  U   U  I  D   D  E
             GGG    UUU   I  DDDD   EEEE
   
 GUIDE Classification and Regression Trees and Forests
 Version 46.2 (Build date: February 9, 2026)       
 Compiled with NAG Fortran 7.2 on macOS Sequoia 15.6.1 for Apple ARM processors  
 Copyright (c) 1997-2023 Wei-Yin Loh. All rights reserved.
 This software is based upon work partially supported by the U.S. Army Research Office,
 National Science Foundation, National Institutes of Health,
 Bureau of Labor Statistics, USDA Economic Research Service, and Eli Lilly.
  
 This job was started on 02/24/26 at 12:06
  
 No pruning
 DSC file: ce2021reg.dsc
 Training sample file: ce2021.txt
 Missing value code: NA
 Records in data file start on line 2
 Number of M variables associated with C variables: 19
 383 N variables changed to S
 D variable is INTRDVX
 Number of records in data file: 3965
 Length of longest entry in data file: 11
 Missing values found in D variable
 Missing values found among categorical variables
 Separate categories will be created for missing categorical variables
 Missing values found among non-categorical variables
 Input your choice:  1
