             GGG   U   U  I  DDDD   EEEE
            G   G  U   U  I  D   D  E
            G      U   U  I  D   D  E
            G  GG  U   U  I  D   D  EEE
            G   G  U   U  I  D   D  E
            G   G  U   U  I  D   D  E
             GGG    UUU   I  DDDD   EEEE
   
 GUIDE Classification and Regression Trees and Forests
 Version 46.2 (Build date: February 9, 2026)       
 Compiled with NAG Fortran 7.2 on macOS Sequoia 15.6.1 for Apple ARM processors  
 Copyright (c) 1997-2023 Wei-Yin Loh. All rights reserved.
 This software is based upon work partially supported by the U.S. Army Research Office,
 National Science Foundation, National Institutes of Health,
 Bureau of Labor Statistics, USDA Economic Research Service, and Eli Lilly.
  
 This job was started on 03/24/26 at 12:08
  
 Least squares regression tree
 Pruning by cross-validation
 DSC file: simdsc.txt
 Training sample file: simdata.txt
 Missing value code: NA
 Records in data file start on line 2
 13 N variables changed to S
 D variable is BodyfatB
 Piecewise constant model
 Number of records in data file: 252
 Length of longest entry in data file: 6
 Missing values found in D variable
  
 Summary information for training sample of size 123 (excluding observations
  with non-positive weight or missing values in d, e, t, r or z variables)
 d=dependent, b=split and fit cat variable using indicator variables,
 c=split-only categorical, i=fit-only categorical (via indicators),
 s=split-only numerical, n=split and fit numerical, f=fit-only numerical,
 m=missing-value flag variable, p=periodic variable, w=weight
                                                  #Codes/           
                                                  Levels/           
  Column  Name            Minimum      Maximum    Periods   #Missing
       1  BodyfatB   d    0.000        45.10    
       2  Age        s    23.00        72.00    
       3  Weight     s    118.5        262.8    
       4  Height     s    64.00        76.00    
       5  Neck       s    31.10        43.20    
       6  Chest      s    79.30        128.3    
       7  Abdomen    s    69.40        126.2    
       8  Hip        s    85.00        125.6    
       9  Thigh      s    47.20        74.40    
      10  Knee       s    33.00        46.00    
      11  Ankle      s    19.10        26.60    
      12  Biceps     s    25.30        37.50    
      13  Forearm    s    22.00        33.70    
      14  Wrist      s    15.80        21.40    
  
 Numbers of N, F, S, and P below exclude constant variables
      Total  #cases w/   #missing
     #cases    miss. D  ord. vals   #X-var   #N-var   #F-var   #S-var
        252        129          0        0        0        0       13
     #P-var   #M-var   #B-var   #C-var   #I-var
          0        0        0        0        0
 No weight variable in data file
 Number of cases used for training: 123
 Number of cases excluded due to 0 W or missing D variable: 129
  
 Pruning by v-fold cross-validation, with v = 10
 Selected tree is based on mean of CV estimates
 Number of SE's for pruned tree: 0.2500
  
 Nodewise interaction tests on all variables
 Split values for N and S variables based on exhaustive search
 Max number of interaction splits: 100
 Maximum number of split levels: 15
 Minimum node sample size: 2
 Ranks of variables and their 1-df chi-squared values at root node
      1  0.5846E+02   Abdomen
      2  0.3558E+02   Chest
      3  0.2664E+02   Weight
      4  0.2297E+02   Hip
      5  0.1744E+02   Thigh
      6  0.1631E+02   Knee
      7  0.1549E+02   Neck
      8  0.1106E+02   Biceps
      9  0.1073E+02   Forearm
     10  0.6277E+01   Ankle
     11  0.5127E+01   Wrist
     12  0.4798E+01   Height
     13  0.3581E+01   Age

 Size and CV MSE and SE of subtrees:
  Tree   #Tnodes  Mean MSE   SE(Mean)    BSE(Mean)  Median MSE  BSE(Median)
    1       44   4.364E+01   5.463E+00   4.532E+00   4.825E+01   7.269E+00
    2       43   4.372E+01   5.454E+00   4.501E+00   4.825E+01   7.333E+00
    3       42   4.362E+01   5.407E+00   4.426E+00   4.825E+01   7.137E+00
    4       41   4.360E+01   5.407E+00   4.382E+00   4.825E+01   6.928E+00
    5       40   4.368E+01   5.405E+00   4.336E+00   4.825E+01   6.925E+00
    6       37   4.368E+01   5.405E+00   4.336E+00   4.825E+01   6.925E+00
    7       36   4.344E+01   5.404E+00   4.332E+00   4.751E+01   7.177E+00
    8       35   4.340E+01   5.406E+00   4.372E+00   4.751E+01   7.274E+00
    9       34   4.245E+01   5.479E+00   4.505E+00   4.678E+01   7.651E+00
   10       33   4.143E+01   5.259E+00   4.487E+00   4.681E+01   7.740E+00
   11       32   4.143E+01   5.259E+00   4.487E+00   4.681E+01   7.740E+00
   12       31   4.154E+01   5.254E+00   4.527E+00   4.681E+01   7.740E+00
   13       30   4.154E+01   5.254E+00   4.527E+00   4.681E+01   7.740E+00
   14       29   4.159E+01   5.254E+00   4.535E+00   4.630E+01   7.691E+00
   15       24   4.159E+01   5.254E+00   4.535E+00   4.630E+01   7.691E+00
   16       23   4.114E+01   5.230E+00   4.309E+00   4.533E+01   6.783E+00
   17       22   4.093E+01   5.240E+00   4.582E+00   4.533E+01   7.549E+00
   18       21   4.086E+01   5.365E+00   4.567E+00   4.508E+01   7.477E+00
   19       20   3.974E+01   5.340E+00   4.763E+00   4.508E+01   7.315E+00
   20       19   3.974E+01   5.340E+00   4.763E+00   4.508E+01   7.315E+00
   21       17   3.968E+01   5.332E+00   4.769E+00   4.434E+01   7.517E+00
   22       16   3.916E+01   5.347E+00   4.953E+00   4.434E+01   8.059E+00
   23       15   3.639E+01   4.555E+00   4.643E+00   3.952E+01   8.248E+00
   24       12   3.643E+01   4.566E+00   4.637E+00   3.952E+01   8.186E+00
   25       11   3.699E+01   4.572E+00   4.754E+00   3.968E+01   8.621E+00
   26       10   3.665E+01   4.525E+00   4.750E+00   3.883E+01   7.392E+00
   27        8   3.419E+01   4.435E+00   3.937E+00   3.720E+01   6.242E+00
   28        7   3.180E+01   4.125E+00   3.794E+00   3.033E+01   5.215E+00
   29        6   3.180E+01   4.125E+00   3.794E+00   3.033E+01   5.215E+00
   30        4   3.104E+01   4.079E+00   3.822E+00   3.130E+01   4.356E+00
   31**      3   2.845E+01   3.540E+00   3.150E+00   2.981E+01   2.499E+00
   32        2   3.910E+01   5.141E+00   4.770E+00   3.300E+01   7.598E+00
   33        1   6.495E+01   7.508E+00   6.456E+00   5.675E+01   6.889E+00
  
 0-SE tree based on mean is marked with * and has 3 terminal nodes
 0-SE tree based on median is marked with + and has 3 terminal nodes
 Selected-SE tree based on mean using naive SE is marked with **
 Selected-SE tree based on mean using bootstrap SE is marked with --
 Selected-SE tree based on median and bootstrap SE is marked with ++
 * tree, ** tree, + tree, and ++ tree all the same
  
 Following tree is based on mean CV with naive SE estimate (**)
  
 Structure of final tree. Each terminal node is marked with a T.
  
 D-mean is mean of BodyfatB in the node
 Cases fit give the number of cases used to fit node
 MSE is residual sum of squares divided by number of cases in node
        Node    Total    Cases Matrix    Node      Node      Split          Interacting
        label   cases      fit  rank    D-mean     MSE       variable       variable
           1      123      123     1  1.908E+01  6.525E+01   Abdomen 
           2T      50       50     1  1.207E+01  2.289E+01   Hip 
           3       73       73     1  2.388E+01  3.753E+01   Abdomen 
           6T      55       55     1  2.171E+01  2.450E+01   Age 
           7T      18       18     1  3.049E+01  1.965E+01   Height 
  
 Number of terminal nodes of final tree: 3
 Total number of nodes of final tree: 5
 Second best split variable (based on curvature test) at root node is Chest
  
 Regression tree:
  
 Node 1: Abdomen <= 89.000000
   Node 2: BodyfatB-mean = 12.068000
 Node 1: Abdomen > 89.000000 or NA
   Node 3: Abdomen <= 102.95000
     Node 6: BodyfatB-mean = 21.710909
   Node 3: Abdomen > 102.95000 or NA
     Node 7: BodyfatB-mean = 30.488889
 
 ***************************************************************
  
 WARNING: p-values below not adjusted for split search. For a bootstrap solution see:
  
 1. Loh et al. (2016), "Identification of subgroups with differential treatment effects
 for longitudinal and multiresponse variables", Statistics in Medicine, v.35, 4837-4855.
  
 2. Loh et al. (2019), "Subgroups from regression trees with adjustment for prognostic
 effects and post-selection inference", Statistics in Medicine, v.38, 545-557.
  
 3. Loh and Zhou (2020), "The GUIDE approach to subgroup identification",
 in "Design and Analysis of Subgroups with Biopharmaceutical Applications", Springer, pp.147-165.
  
Node 1: Intermediate node
 A case goes into Node 2 if Abdomen <= 89.000000
 Abdomen mean = 92.037398
 Coefficients of least squares regression function:
 Regressor    Coefficient  t-stat      p-value
 Constant      19.08        26.19        0.000    
 ----------------------------
Node 2: Terminal node
 Coefficients of least squares regression function:
 Regressor    Coefficient  t-stat      p-value
 Constant      12.07        17.83        0.000    
 BodyfatB mean = 12.0680
 ----------------------------
Node 3: Intermediate node
 A case goes into Node 6 if Abdomen <= 102.95000
 Abdomen mean = 99.087671
 ----------------------------
Node 6: Terminal node
 Coefficients of least squares regression function:
 Regressor    Coefficient  t-stat      p-value
 Constant      21.71        32.53        0.000    
 BodyfatB mean = 21.7109
 ----------------------------
Node 7: Terminal node
 Coefficients of least squares regression function:
 Regressor    Coefficient  t-stat      p-value
 Constant      30.49        29.18        0.000    
 BodyfatB mean = 30.4889
 ----------------------------
 Proportion of variance (R-squared) explained by tree model: 0.6509
 
 Observed and fitted values are stored in simcons.fit
 Elapsed time in seconds: 0.61816E-01
