 GUIDE Classification and Regression Trees and Forests
 Version 46.2 (Build date: February 9, 2026)       
 Compiled with NAG Fortran 7.2 on macOS Sequoia 15.6.1 for Apple ARM processors  
 Copyright (c) 1997-2026 Wei-Yin Loh. All rights reserved.
 Software based upon work partially supported by the U.S. Army Research Office,
 National Science Foundation, National Institutes of Health,
 Bureau of Labor Statistics, USDA Economic Research Service, and Eli Lilly.
  
 Choose one of the following options:
 0. Read the warranty disclaimer
 1. Create a GUIDE input file
 Input your choice:  Batch run with input file 
 Input 1 for model fitting, 2 for importance or DIF scoring, 3 for data conversion: 1
 Output file is simstep.out
  
 Job start date and time: 03/24/26 at 12:08
  
 Input 1 for single tree, 2 for ensemble of trees: 1
 Input 1 for classification, 2 for regression, 3 for propensity score tree
 Input your choice: 2
 Choose type of regression model:
 1=linear, 2=quantile, 3=Poisson, 4=censored response,
 5=multiresponse or itemresponse, 6=longitudinal with T variables,
 7=binary logistic regression: 1
 Input 1 for linear, 2 least median of squares: 1
 Choose complexity of model to use at each node:
 Choose 0 for stepwise linear regression (recommended for prediction)
 Choose 1 for multiple regression
 Choose 2 for best simple polynomial in one N or F variable
 Choose 3 for constant fit (recommended for interpretability or if there is an R variable)
 0: stepwise linear, 1: multiple linear, 2: best simple polynomial,  3: constant,
 4: best simple stepwise ANCOVA: 0
 Input 1 for univariate splits, 2 for linear splits: 2
 Input 1 for forward-only, 2 for forward+backward, 3 for all subsets: 1
 Input maximum number of variables to be selected: 0
 Input 0, 1, 2, or 3: 3
 Input 1 for interaction tests, 2 to skip them: 1
 Input 1 to prune by CV, 2 for no pruning: 1
 Bonferroni alpha = 0.100
  
 Input name of DSC file (max 100 characters);
 enclose with matching quotes if it has spaces: simdsc.txt
 Reading DSC file ...
 Training sample file: simdata.txt
 Missing value code: NA
 Records in data file start on line 2
 D variable is BodyfatB
 Reading data file ...
 Number of records in data file: 252
 Length of longest entry in data file: 6
 Checking for missing values ...
 Finished checking
 Missing values found in D variable
 Re-checking data ...
 Allocating missing value information ...
 Assigning codes to missing values, if any ...
 Data checks complete
 Creating missing value indicators ...
 Rereading data ...
 Numbers of N, F, S, and P below exclude constant variables
      Total  #cases w/   #missing
     #cases    miss. D  ord. vals   #X-var   #N-var   #F-var   #S-var
        252        129          0        0       13        0        0
     #P-var   #M-var   #B-var   #C-var   #I-var
          0        0        0        0        0
 No weight variable in data file
 Number of cases used for training: 123
 Number of cases excluded due to 0 W or missing D variable: 129
 Finished reading data file
 Constant fitted to cases with missing values in regressor variables
 Input number of cross-validations: 10
 Selected tree is based on mean of CV estimates
 Input number of SEs for pruning:  0.250
 Nodewise interaction tests on all variables
 Maximum number of split levels: 8
 Input 1 for default minimum node size, 2 to specify minimum value: 1
 Minimum node size: 2
 Choose 0=no LaTeX, 1=tree without node numbers, 2=tree with node numbers: 0
 You can store the variables and/or values used to split and fit in a file
 Choose 1 to skip this step, 2 to store split and fit variables,
 3 to store split variables and their values
 Input your choice: 1
 Input 2 to save regressor names in a file, 1 otherwise: 1
 Input 2 to save fitted values and node IDs; 1 otherwise: 2
 File name is simstep.fit
 Warning: file is overwritten
 Input 1 to skip R function, 2 to output R for training data, 3 to output R for new data file: 1
 Constructing main tree ...
 Number of subtrees: 18
 Performing 10-fold cross-validation:
 Completed cross-validation fold 1
 Completed cross-validation fold 2
 Completed cross-validation fold 3
 Completed cross-validation fold 4
 Completed cross-validation fold 5
 Completed cross-validation fold 6
 Completed cross-validation fold 7
 Completed cross-validation fold 8
 Completed cross-validation fold 9
 Completed cross-validation fold 10
  
 Pruning main tree.  Please wait.
 Results of subtree sequence
 Trees based on mean with naive SE are marked with * and **
 Tree based on mean with bootstrap SE is marked with --
 Trees based on median with finite bootstrap SE are marked with + and ++
    Subtree        #Terminal nodes
      1                    36
      2                    33
      3                    31
      4                    27
      5                    24
      6                    23
      7                    21
      8                    18
      9                    17
     10                    16
     11                    14
     12                    13
     13                    12
     14                    11
     15                    10
     16                     6
     17                     2
     18**                   1
 0-SE tree based on mean has 1 terminal node
 * tree, ** tree, + tree, and ++ tree all the same
  
 Number of terminal nodes of final tree: 1
 Writing predicted values...
 ...completed
 Results are stored in simstep.out
 Observed and fitted values are stored in simstep.fit
 Elapsed time in seconds: 0.1406
