             GGG   U   U  I  DDDD   EEEE
            G   G  U   U  I  D   D  E
            G      U   U  I  D   D  E
            G  GG  U   U  I  D   D  EEE
            G   G  U   U  I  D   D  E
            G   G  U   U  I  D   D  E
             GGG    UUU   I  DDDD   EEEE
   
 GUIDE Classification and Regression Trees and Forests
 Version 46.2 (Build date: February 9, 2026)       
 Compiled with NAG Fortran 7.2 on macOS Sequoia 15.6.1 for Apple ARM processors  
 Copyright (c) 1997-2023 Wei-Yin Loh. All rights reserved.
 This software is based upon work partially supported by the U.S. Army Research Office,
 National Science Foundation, National Institutes of Health,
 Bureau of Labor Statistics, USDA Economic Research Service, and Eli Lilly.
  
 This job was started on 03/24/26 at 12:08
  
 Least squares regression tree
 Predictions truncated at global min. and max. of D sample values
 Pruning by cross-validation
 DSC file: simdsc.txt
 Training sample file: simdata.txt
 Missing value code: NA
 Records in data file start on line 2
 D variable is BodyfatB
 Piecewise forward stepwise regression
 Using as many variables as needed
 Univariate and linear combination splits
 Number of records in data file: 252
 Length of longest entry in data file: 6
 Missing values found in D variable
  
 Summary information for training sample of size 123 (excluding observations
  with non-positive weight or missing values in d, e, t, r or z variables)
 d=dependent, b=split and fit cat variable using indicator variables,
 c=split-only categorical, i=fit-only categorical (via indicators),
 s=split-only numerical, n=split and fit numerical, f=fit-only numerical,
 m=missing-value flag variable, p=periodic variable, w=weight
                                                  #Codes/           
                                                  Levels/           
  Column  Name            Minimum      Maximum    Periods   #Missing
       1  BodyfatB   d    0.000        45.10    
       2  Age        n    23.00        72.00    
       3  Weight     n    118.5        262.8    
       4  Height     n    64.00        76.00    
       5  Neck       n    31.10        43.20    
       6  Chest      n    79.30        128.3    
       7  Abdomen    n    69.40        126.2    
       8  Hip        n    85.00        125.6    
       9  Thigh      n    47.20        74.40    
      10  Knee       n    33.00        46.00    
      11  Ankle      n    19.10        26.60    
      12  Biceps     n    25.30        37.50    
      13  Forearm    n    22.00        33.70    
      14  Wrist      n    15.80        21.40    
  
 Numbers of N, F, S, and P below exclude constant variables
      Total  #cases w/   #missing
     #cases    miss. D  ord. vals   #X-var   #N-var   #F-var   #S-var
        252        129          0        0       13        0        0
     #P-var   #M-var   #B-var   #C-var   #I-var
          0        0        0        0        0
 No weight variable in data file
 Number of cases used for training: 123
 Number of cases excluded due to 0 W or missing D variable: 129
  
 Constant fitted to cases with missing values in regressor variables
 Pruning by v-fold cross-validation, with v = 10
 Selected tree is based on mean of CV estimates
 Number of SE's for pruned tree: 0.2500
  
 Nodewise interaction tests on all variables
 Split values for N and S variables based on exhaustive search
 Max number of interaction splits: 100
 Maximum number of split levels: 8
 Minimum node sample size: 2
 Size and CV MSE and SE of subtrees:
  Tree   #Tnodes  Mean MSE   SE(Mean)    BSE(Mean)  Median MSE  BSE(Median)
    1       36   3.814E+01   4.900E+00   3.932E+00   3.725E+01   5.216E+00
    2       33   3.814E+01   4.900E+00   3.932E+00   3.725E+01   5.216E+00
    3       31   3.814E+01   4.900E+00   3.932E+00   3.725E+01   5.216E+00
    4       27   3.814E+01   4.900E+00   3.932E+00   3.725E+01   5.216E+00
    5       24   3.814E+01   4.900E+00   3.932E+00   3.725E+01   5.216E+00
    6       23   4.154E+01   5.388E+00   4.659E+00   4.278E+01   6.564E+00
    7       21   4.154E+01   5.388E+00   4.659E+00   4.278E+01   6.564E+00
    8       18   4.255E+01   5.522E+00   4.745E+00   4.741E+01   6.792E+00
    9       17   4.207E+01   5.522E+00   4.849E+00   4.741E+01   7.307E+00
   10       16   4.977E+01   8.044E+00   6.477E+00   5.055E+01   6.116E+00
   11       14   4.841E+01   8.030E+00   6.743E+00   5.055E+01   7.636E+00
   12       13   4.666E+01   7.495E+00   5.195E+00   5.055E+01   6.021E+00
   13       12   4.597E+01   7.464E+00   5.305E+00   4.936E+01   6.017E+00
   14       11   3.852E+01   4.833E+00   4.123E+00   4.036E+01   6.313E+00
   15       10   3.593E+01   4.412E+00   3.903E+00   3.653E+01   6.536E+00
   16        6   2.938E+01   3.495E+00   3.362E+00   2.735E+01   4.576E+00
   17        2   2.445E+01   2.743E+00   2.627E+00   2.279E+01   4.040E+00
   18**      1   1.696E+01   1.675E+00   1.625E+00   1.707E+01   3.229E+00
  
 0-SE tree based on mean is marked with * and has 1 terminal node
 0-SE tree based on median is marked with + and has 1 terminal node
 Selected-SE tree based on mean using naive SE is marked with **
 Selected-SE tree based on mean using bootstrap SE is marked with --
 Selected-SE tree based on median and bootstrap SE is marked with ++
 * tree, ** tree, + tree, and ++ tree all the same
  
 Following tree is based on mean CV with naive SE estimate (**)
  
 Structure of final tree. Each terminal node is marked with a T.
  
 D-mean is mean of BodyfatB in the node
 Cases fit give the number of cases used to fit node
 MSE and R^2 are based on all cases in node
        Node    Total    Cases Matrix    Node      Node      Node  Split           Other
        label   cases      fit  rank    D-mean     MSE       R^2   variable        variables
           1T     123      123     3  1.908E+01  1.592E+01  0.7600 L1 :
 Best split at root node is L1 <= 61.305389
  
 Number of terminal nodes of final tree: 1
 Total number of nodes of final tree: 1
  
 Regression tree:
  
 Node 1: BodyfatB-mean = 19.075610
 
 ***************************************************************
 Regression coefficients are computed from the complete cases.
  
Node 1: Terminal node
 Coefficients of least squares regression function:
 Regressor    Coefficient  t-stat      p-value      Minimum         Mean       Maximum
 Constant     -42.78       -13.39        0.000    
 Weight      -0.1328       -4.566       0.1213E-04    118.5        177.5        262.8    
 Abdomen      0.9283        12.66       0.5242E-16    69.40        92.04        126.2    
 BodyfatB mean = 19.0756
 Predicted values truncated at 0.00000 & 45.1000
 ----------------------------
 Proportion of variance (R-squared) explained by tree model: 0.7600
 
 Observed and fitted values are stored in simstep.fit
 Elapsed time in seconds: 0.14055
