             GGG   U   U  I  DDDD   EEEE
            G   G  U   U  I  D   D  E
            G      U   U  I  D   D  E
            G  GG  U   U  I  D   D  EEE
            G   G  U   U  I  D   D  E
            G   G  U   U  I  D   D  E
             GGG    UUU   I  DDDD   EEEE
   
 GUIDE Classification and Regression Trees and Forests
 Version 46.2 (Build date: April 27, 2026)         
 Compiled with NAG Fortran 7.2 on macOS Tahoe 26.4.1 for Apple ARM processors    
 Copyright (c) 1997-2023 Wei-Yin Loh. All rights reserved.
 This software is based upon work partially supported by the U.S. Army Research Office,
 National Science Foundation, National Institutes of Health,
 Bureau of Labor Statistics, USDA Economic Research Service, and Eli Lilly.
  
 This job was started on 04/30/26 at 11:32
  
 Least squares regression tree
 Predictions truncated at global min. and max. of D sample values
 Pruning by cross-validation
 DSC file: breast.dsc
 Training sample file: breast.txt
 Missing value code: NA
 Records in data file start on line 2
 D variable is Class
 Piecewise forward stepwise regression
 Using as many variables as needed
 Univariate and linear combination splits
 Number of records in data file: 683
 Length of longest entry in data file: 2
  
 Summary information for training sample of size 683
 d=dependent, b=split and fit cat variable using indicator variables,
 c=split-only categorical, i=fit-only categorical (via indicators),
 s=split-only numerical, n=split and fit numerical, f=fit-only numerical,
 m=missing-value flag variable, p=periodic variable, w=weight
                                                        #Codes/           
                                                        Levels/           
  Column  Name                  Minimum      Maximum    Periods   #Missing
       1  Cl.thickness     n    1.000        10.00    
       2  Cell.size        n    1.000        10.00    
       3  Cell.shape       n    1.000        10.00    
       4  Marg.adhesion    n    1.000        10.00    
       5  Epith.c.size     n    1.000        10.00    
       6  Bare.nuclei      n    1.000        10.00    
       7  Bl.cromatin      n    1.000        10.00    
       8  Normal.nucleoli  n    1.000        10.00    
       9  Mitoses          n    1.000        10.00    
      10  Class            d    0.000        1.000    
  
 Numbers of N, F, S, and P below exclude constant variables
      Total  #cases w/   #missing
     #cases    miss. D  ord. vals   #X-var   #N-var   #F-var   #S-var
        683          0          0        0        9        0        0
     #P-var   #M-var   #B-var   #C-var   #I-var
          0        0        0        0        0
 No weight variable in data file
 Number of cases used for training: 683
  
 Constant fitted to cases with missing values in regressor variables
 Pruning by v-fold cross-validation, with v = 10
 Selected tree is based on mean of CV estimates
 Number of SE's for pruned tree: 0.2500
  
 Nodewise interaction tests on all variables
 Split values for N and S variables based on exhaustive search
 Max number of interaction splits: 100
 Maximum number of split levels: 8
 Minimum node sample size: 6
 Size and CV MSE and SE of subtrees:
  Tree   #Tnodes  Mean MSE   SE(Mean)    BSE(Mean)  Median MSE  BSE(Median)
    1       14   3.480E-02   6.151E-03   4.257E-03   3.724E-02   4.726E-03
    2       12   3.403E-02   5.991E-03   4.207E-03   3.421E-02   4.232E-03
    3       10   3.395E-02   5.988E-03   4.202E-03   3.421E-02   4.103E-03
    4        9   3.339E-02   5.948E-03   4.316E-03   3.421E-02   4.777E-03
    5        6   3.085E-02   5.659E-03   4.205E-03   2.895E-02   4.509E-03
    6**      4   2.762E-02   5.141E-03   3.941E-03   2.842E-02   4.959E-03
    7        1   3.300E-02   3.530E-03   2.618E-03   3.447E-02   3.425E-03
  
 0-SE tree based on mean is marked with * and has 4 terminal nodes
 0-SE tree based on median is marked with + and has 4 terminal nodes
 Selected-SE tree based on mean using naive SE is marked with **
 Selected-SE tree based on mean using bootstrap SE is marked with --
 Selected-SE tree based on median and bootstrap SE is marked with ++
 * tree, ** tree, + tree, and ++ tree all the same
  
 Following tree is based on mean CV with naive SE estimate (**)
  
 Structure of final tree. Each terminal node is marked with a T.
  
 D-mean is mean of Class in the node
 Cases fit give the number of cases used to fit node
 MSE and R^2 are based on all cases in node
        Node    Total    Cases Matrix    Node      Node      Node  Split           Other
        label   cases      fit  rank    D-mean     MSE       R^2   variable        variables
           1      683      683     7  3.499E-01  3.649E-02  0.8412 L1 :
           2T     336      336     1  0.000E+00  0.000E+00  0.0000 - 
           3      347      347     7  6.888E-01  6.995E-02  0.6803 L3 :
           6T      79       79     1  0.000E+00  0.000E+00  0.0000 - 
           7      268      268     5  8.918E-01  7.027E-02  0.2854 L7 :
          14T      35       35     2  4.286E-01  1.989E-01  0.2341 Cell.shape 
          15T     233      233     1  9.614E-01  3.729E-02  0.0000 Marg.adhesion 
  
 Number of terminal nodes of final tree: 4
 Total number of nodes of final tree: 7
  
 Regression tree:
  
 Node 1: L1 <= 0.32505943
   Node 2: Class-mean = 0.0000000
 Node 1: L1 > 0.32505943
   Node 3: L3 <= 0.44809890
     Node 6: Class-mean = 0.0000000
   Node 3: L3 > 0.44809890
     Node 7: L7 <= 0.42803936
       Node 14: Class-mean = 0.42857143
     Node 7: L7 > 0.42803936
       Node 15: Class-mean = 0.96137339
 
 ***************************************************************
  
 WARNING: p-values below not adjusted for split search. For a bootstrap solution see:
  
 1. Loh et al. (2016), "Identification of subgroups with differential treatment effects
 for longitudinal and multiresponse variables", Statistics in Medicine, v.35, 4837-4855.
  
 2. Loh et al. (2019), "Subgroups from regression trees with adjustment for prognostic
 effects and post-selection inference", Statistics in Medicine, v.38, 545-557.
  
 3. Loh and Zhou (2020), "The GUIDE approach to subgroup identification",
 in "Design and Analysis of Subgroups with Biopharmaceutical Applications", Springer, pp.147-165.
  
Node 1: Intermediate node
 A case goes into Node 2 if L1 <= 0.32505943 where the coefficients of L1 are:
 Cl.thickness       0.3142E-01                               
 Cell.size          0.2764E-01                               
 Cell.shape         0.1693E-01                               
 Bare.nuclei        0.4763E-01                               
 Bl.cromatin        0.2119E-01                               
 Normal.nucleoli    0.2046E-01                               
 ----------------------------
Node 2: Terminal node
 Coefficients of least squares regression function:
 Regressor          Coefficient  t-stat      p-value      Minimum         Mean       Maximum
 Constant            0.000       0.1798+308    0.000    
 Class mean = 0.00000
 Predicted values truncated at 0.00000 & 1.00000
 ----------------------------
Node 3: Intermediate node
 A case goes into Node 6 if L3 <= 0.44809890 where the coefficients of L3 are:
 Cl.thickness       0.3870E-01                               
 Cell.size          0.2558E-01                               
 Cell.shape         0.1519E-01                               
 Bare.nuclei        0.4552E-01                               
 Bl.cromatin        0.2152E-01                               
 Normal.nucleoli    0.1962E-01                               
 ----------------------------
Node 6: Terminal node
 Coefficients of least squares regression function:
 Regressor          Coefficient  t-stat      p-value      Minimum         Mean       Maximum
 Constant            0.000       0.1798+308    1.000    
 Class mean = 0.00000
 Predicted values truncated at 0.00000 & 1.00000
 ----------------------------
Node 7: Intermediate node
 A case goes into Node 14 if L7 <= 0.42803936 where the coefficients of L7 are:
 Cl.thickness       0.2568E-01                               
 Cell.shape         0.2586E-01                               
 Bare.nuclei        0.2445E-01                               
 Bl.cromatin        0.2078E-01                               
 ----------------------------
Node 14: Terminal node
 Coefficients of least squares regression function:
 Regressor          Coefficient  t-stat      p-value      Minimum         Mean       Maximum
 Constant           0.2732E-01   0.1857       0.8538    
 Cell.size          0.1254        3.176       0.3234E-02    1.000        3.200        10.00    
 Class mean = 0.428571
 Predicted values truncated at 0.00000 & 1.00000
 ----------------------------
Node 15: Terminal node
 Coefficients of least squares regression function:
 Regressor          Coefficient  t-stat      p-value      Minimum         Mean       Maximum
 Constant           0.9614        75.99       0.4235E-15
 Class mean = 0.961373
 Predicted values truncated at 0.00000 & 1.00000
 ----------------------------
 Proportion of variance (R-squared) explained by tree model: 0.9026
 
 Observed and fitted values are stored in breast_lin.fit
 Regressor names and coefficients are stored in breast_lin.reg
 LaTeX code for tree is in breast_lin.tex
 Elapsed time in seconds: 0.23692
